../Core/Src/main.c:109:10:calculate_crc	16	static
../Core/Src/main.c:114:19:flash_read_storage	32	static
../Core/Src/main.c:132:19:flash_erase_page	40	static
../Core/Src/main.c:151:19:flash_write_storage	48	static
../Core/Src/main.c:187:6:save_casa_to_flash	8	static
../Core/Src/main.c:194:6:send_casa_to_nfc	8	static
../Core/Src/main.c:199:6:reset_casa_counter	40	static
../Core/Src/main.c:213:6:setup_litara_mode	40	static
../Core/Src/main.c:298:6:setup_interval_mode	40	static
../Core/Src/main.c:380:6:setup_current_time_mode	72	static
../Core/Src/main.c:513:6:show_setup_confirmation	16	static
../Core/Src/main.c:534:5:main	240	static
../Core/Src/main.c:1271:6:SystemClock_Config	88	static
../Core/Src/main.c:1321:13:MX_NVIC_Init	8	static
../Core/Src/main.c:1336:6:HAL_RTC_AlarmAEventCallback	16	static
../Core/Src/main.c:1344:6:HAL_RTCEx_AlarmBEventCallback	16	static
../Core/Src/main.c:1349:6:HAL_RTCEx_WakeUpTimerEventCallback	16	static
../Core/Src/main.c:1364:6:Error_Handler	8	static,ignoring_inline_asm
